1.00000	0.00370
2.00000	0.00743
3.00000	0.01211
4.00000	0.01665
5.00000	0.02088
7.00000	0.02751
10.00000	0.03374
12.00000	0.03649
15.00000	0.03925
20.00000	0.04127
25.00000	0.04222
30.00000	0.04266